Archive member included to satisfy reference by file (symbol)

/usr/lib/gcc/avr/4.9.3/avr6/libgcc.a(_prologue.o)
                              addr_test.o (__prologue_saves__)
/usr/lib/gcc/avr/4.9.3/avr6/libgcc.a(_epilogue.o)
                              addr_test.o (__epilogue_restores__)
/usr/lib/gcc/avr/4.9.3/avr6/libgcc.a(_exit.o)
                              /usr/lib/gcc/avr/4.9.3/../../../../avr/lib/avr6/crtm2560.o (exit)
/usr/lib/gcc/avr/4.9.3/avr6/libgcc.a(_copy_data.o)
                              usart.o (__do_copy_data)
/usr/lib/gcc/avr/4.9.3/avr6/libgcc.a(_clear_bss.o)
                              twi_master.o (__do_clear_bss)
/usr/lib/gcc/avr/4.9.3/../../../../avr/lib/avr6/libc.a(dtostrf.o)
                              usart.o (dtostrf)
/usr/lib/gcc/avr/4.9.3/../../../../avr/lib/avr6/libc.a(atof.o)
                              usart.o (atof)
/usr/lib/gcc/avr/4.9.3/../../../../avr/lib/avr6/libc.a(atoi.o)
                              usart.o (atoi)
/usr/lib/gcc/avr/4.9.3/../../../../avr/lib/avr6/libc.a(itoa.o)
                              usart.o (itoa)
/usr/lib/gcc/avr/4.9.3/../../../../avr/lib/avr6/libc.a(ltoa.o)
                              usart.o (ltoa)
/usr/lib/gcc/avr/4.9.3/../../../../avr/lib/avr6/libc.a(mul10.o)
                              /usr/lib/gcc/avr/4.9.3/../../../../avr/lib/avr6/libc.a(atoi.o) (__mulhi_const_10)
/usr/lib/gcc/avr/4.9.3/../../../../avr/lib/avr6/libc.a(dtoa_prf.o)
                              /usr/lib/gcc/avr/4.9.3/../../../../avr/lib/avr6/libc.a(dtostrf.o) (dtoa_prf)
/usr/lib/gcc/avr/4.9.3/../../../../avr/lib/avr6/libc.a(strtod.o)
                              /usr/lib/gcc/avr/4.9.3/../../../../avr/lib/avr6/libc.a(atof.o) (strtod)
/usr/lib/gcc/avr/4.9.3/../../../../avr/lib/avr6/libc.a(ftoa_engine.o)
                              /usr/lib/gcc/avr/4.9.3/../../../../avr/lib/avr6/libc.a(dtoa_prf.o) (__ftoa_engine)
/usr/lib/gcc/avr/4.9.3/../../../../avr/lib/avr6/libc.a(isspace.o)
                              /usr/lib/gcc/avr/4.9.3/../../../../avr/lib/avr6/libc.a(strtod.o) (isspace)
/usr/lib/gcc/avr/4.9.3/../../../../avr/lib/avr6/libc.a(strncasecmp_P.o)
                              /usr/lib/gcc/avr/4.9.3/../../../../avr/lib/avr6/libc.a(strtod.o) (strncasecmp_P)
/usr/lib/gcc/avr/4.9.3/../../../../avr/lib/avr6/libc.a(strrev.o)
                              /usr/lib/gcc/avr/4.9.3/../../../../avr/lib/avr6/libc.a(itoa.o) (strrev)
/usr/lib/gcc/avr/4.9.3/../../../../avr/lib/avr6/libc.a(cmpsf2.o)
                              /usr/lib/gcc/avr/4.9.3/../../../../avr/lib/avr6/libc.a(strtod.o) (__eqsf2)
/usr/lib/gcc/avr/4.9.3/../../../../avr/lib/avr6/libc.a(floatsisf.o)
                              /usr/lib/gcc/avr/4.9.3/../../../../avr/lib/avr6/libc.a(strtod.o) (__floatunsisf)
/usr/lib/gcc/avr/4.9.3/../../../../avr/lib/avr6/libc.a(fp_cmp.o)
                              /usr/lib/gcc/avr/4.9.3/../../../../avr/lib/avr6/libc.a(cmpsf2.o) (__fp_cmp)
/usr/lib/gcc/avr/4.9.3/../../../../avr/lib/avr6/libc.a(mulsf3.o)
                              /usr/lib/gcc/avr/4.9.3/../../../../avr/lib/avr6/libc.a(strtod.o) (__mulsf3)
/usr/lib/gcc/avr/4.9.3/../../../../avr/lib/avr6/libc.a(mulsf3x.o)
                              /usr/lib/gcc/avr/4.9.3/../../../../avr/lib/avr6/libc.a(mulsf3.o) (__mulsf3x)
/usr/lib/gcc/avr/4.9.3/../../../../avr/lib/avr6/libc.a(errno.o)
                              /usr/lib/gcc/avr/4.9.3/../../../../avr/lib/avr6/libc.a(strtod.o) (errno)
/usr/lib/gcc/avr/4.9.3/../../../../avr/lib/avr6/libc.a(cty_isfalse.o)
                              /usr/lib/gcc/avr/4.9.3/../../../../avr/lib/avr6/libc.a(isspace.o) (__ctype_isfalse)
/usr/lib/gcc/avr/4.9.3/../../../../avr/lib/avr6/libc.a(fp_inf.o)
                              /usr/lib/gcc/avr/4.9.3/../../../../avr/lib/avr6/libc.a(mulsf3x.o) (__fp_inf)
/usr/lib/gcc/avr/4.9.3/../../../../avr/lib/avr6/libc.a(fp_nan.o)
                              /usr/lib/gcc/avr/4.9.3/../../../../avr/lib/avr6/libc.a(mulsf3x.o) (__fp_nan)
/usr/lib/gcc/avr/4.9.3/../../../../avr/lib/avr6/libc.a(fp_pscA.o)
                              /usr/lib/gcc/avr/4.9.3/../../../../avr/lib/avr6/libc.a(mulsf3x.o) (__fp_pscA)
/usr/lib/gcc/avr/4.9.3/../../../../avr/lib/avr6/libc.a(fp_pscB.o)
                              /usr/lib/gcc/avr/4.9.3/../../../../avr/lib/avr6/libc.a(mulsf3x.o) (__fp_pscB)
/usr/lib/gcc/avr/4.9.3/../../../../avr/lib/avr6/libc.a(fp_round.o)
                              /usr/lib/gcc/avr/4.9.3/../../../../avr/lib/avr6/libc.a(mulsf3.o) (__fp_round)
/usr/lib/gcc/avr/4.9.3/../../../../avr/lib/avr6/libc.a(fp_split3.o)
                              /usr/lib/gcc/avr/4.9.3/../../../../avr/lib/avr6/libc.a(mulsf3x.o) (__fp_split3)
/usr/lib/gcc/avr/4.9.3/../../../../avr/lib/avr6/libc.a(fp_zero.o)
                              /usr/lib/gcc/avr/4.9.3/../../../../avr/lib/avr6/libc.a(mulsf3x.o) (__fp_szero)
/usr/lib/gcc/avr/4.9.3/avr6/libgcc.a(_muluhisi3.o)
                              /usr/lib/gcc/avr/4.9.3/../../../../avr/lib/avr6/libc.a(strtod.o) (__muluhisi3)
/usr/lib/gcc/avr/4.9.3/avr6/libgcc.a(_udivmodhi4.o)
                              /usr/lib/gcc/avr/4.9.3/../../../../avr/lib/avr6/libc.a(itoa.o) (__udivmodhi4)
/usr/lib/gcc/avr/4.9.3/avr6/libgcc.a(_udivmodsi4.o)
                              /usr/lib/gcc/avr/4.9.3/../../../../avr/lib/avr6/libc.a(ltoa.o) (__udivmodsi4)
/usr/lib/gcc/avr/4.9.3/avr6/libgcc.a(_umulhisi3.o)
                              /usr/lib/gcc/avr/4.9.3/avr6/libgcc.a(_muluhisi3.o) (__umulhisi3)

Allocating common symbols
Common symbol       size              file

errno               0x2               /usr/lib/gcc/avr/4.9.3/../../../../avr/lib/avr6/libc.a(errno.o)

Memory Configuration

Name             Origin             Length             Attributes
text             0x0000000000000000 0x0000000000100000 xr
data             0x0000000000800200 0x000000000000fe00 rw !x
eeprom           0x0000000000810000 0x0000000000010000 rw !x
fuse             0x0000000000820000 0x0000000000000400 rw !x
lock             0x0000000000830000 0x0000000000000400 rw !x
signature        0x0000000000840000 0x0000000000000400 rw !x
*default*        0x0000000000000000 0xffffffffffffffff

Linker script and memory map

Address of section .data set to 0x800200
LOAD /usr/lib/gcc/avr/4.9.3/../../../../avr/lib/avr6/crtm2560.o
LOAD addr_test.o
LOAD comm.o
LOAD usart.o
LOAD MPU6050.o
LOAD twi_master.o
START GROUP
LOAD /usr/lib/gcc/avr/4.9.3/avr6/libgcc.a
LOAD /usr/lib/gcc/avr/4.9.3/../../../../avr/lib/avr6/libm.a
LOAD /usr/lib/gcc/avr/4.9.3/../../../../avr/lib/avr6/libc.a
END GROUP

.hash
 *(.hash)

.dynsym
 *(.dynsym)

.dynstr
 *(.dynstr)

.gnu.version
 *(.gnu.version)

.gnu.version_d
 *(.gnu.version_d)

.gnu.version_r
 *(.gnu.version_r)

.rel.init
 *(.rel.init)

.rela.init
 *(.rela.init)

.rel.text
 *(.rel.text)
 *(.rel.text.*)
 *(.rel.gnu.linkonce.t*)

.rela.text
 *(.rela.text)
 *(.rela.text.*)
 *(.rela.gnu.linkonce.t*)

.rel.fini
 *(.rel.fini)

.rela.fini
 *(.rela.fini)

.rel.rodata
 *(.rel.rodata)
 *(.rel.rodata.*)
 *(.rel.gnu.linkonce.r*)

.rela.rodata
 *(.rela.rodata)
 *(.rela.rodata.*)
 *(.rela.gnu.linkonce.r*)

.rel.data
 *(.rel.data)
 *(.rel.data.*)
 *(.rel.gnu.linkonce.d*)

.rela.data
 *(.rela.data)
 *(.rela.data.*)
 *(.rela.gnu.linkonce.d*)

.rel.ctors
 *(.rel.ctors)

.rela.ctors
 *(.rela.ctors)

.rel.dtors
 *(.rel.dtors)

.rela.dtors
 *(.rela.dtors)

.rel.got
 *(.rel.got)

.rela.got
 *(.rela.got)

.rel.bss
 *(.rel.bss)

.rela.bss
 *(.rela.bss)

.rel.plt
 *(.rel.plt)

.rela.plt
 *(.rela.plt)

.text           0x0000000000000000     0x15ca
 *(.vectors)
 .vectors       0x0000000000000000       0xe4 /usr/lib/gcc/avr/4.9.3/../../../../avr/lib/avr6/crtm2560.o
                0x0000000000000000                __vectors
                0x0000000000000000                __vector_default
 *(.vectors)
 *(.progmem.gcc*)
                0x00000000000000e4                . = ALIGN (0x2)
                0x00000000000000e4                __trampolines_start = .
 *(.trampolines)
 .trampolines   0x00000000000000e4       0x24 linker stubs
 *(.trampolines*)
                0x0000000000000108                __trampolines_end = .
 *(.progmem*)
 .progmem.data  0x0000000000000108       0x3b /usr/lib/gcc/avr/4.9.3/../../../../avr/lib/avr6/libc.a(strtod.o)
 .progmem.data  0x0000000000000143       0xfa /usr/lib/gcc/avr/4.9.3/../../../../avr/lib/avr6/libc.a(ftoa_engine.o)
                0x000000000000023e                . = ALIGN (0x2)
 *fill*         0x000000000000023d        0x1 
 *(.jumptables)
 *(.jumptables*)
 *(.lowtext)
 *(.lowtext*)
                0x000000000000023e                __ctors_start = .
 *(.ctors)
                0x000000000000023e                __ctors_end = .
                0x000000000000023e                __dtors_start = .
 *(.dtors)
                0x000000000000023e                __dtors_end = .
 SORT(*)(.ctors)
 SORT(*)(.dtors)
 *(.init0)
 .init0         0x000000000000023e        0x0 /usr/lib/gcc/avr/4.9.3/../../../../avr/lib/avr6/crtm2560.o
                0x000000000000023e                __init
 *(.init0)
 *(.init1)
 *(.init1)
 *(.init2)
 .init2         0x000000000000023e       0x10 /usr/lib/gcc/avr/4.9.3/../../../../avr/lib/avr6/crtm2560.o
 *(.init2)
 *(.init3)
 *(.init3)
 *(.init4)
 .init4         0x000000000000024e       0x1a /usr/lib/gcc/avr/4.9.3/avr6/libgcc.a(_copy_data.o)
                0x000000000000024e                __do_copy_data
 .init4         0x0000000000000268       0x10 /usr/lib/gcc/avr/4.9.3/avr6/libgcc.a(_clear_bss.o)
                0x0000000000000268                __do_clear_bss
 *(.init4)
 *(.init5)
 *(.init5)
 *(.init6)
 *(.init6)
 *(.init7)
 *(.init7)
 *(.init8)
 *(.init8)
 *(.init9)
 .init9         0x0000000000000278        0x8 /usr/lib/gcc/avr/4.9.3/../../../../avr/lib/avr6/crtm2560.o
 *(.init9)
 *(.text)
 .text          0x0000000000000280        0x4 /usr/lib/gcc/avr/4.9.3/../../../../avr/lib/avr6/crtm2560.o
                0x0000000000000280                __vector_38
                0x0000000000000280                __vector_22
                0x0000000000000280                __vector_28
                0x0000000000000280                __vector_1
                0x0000000000000280                __vector_32
                0x0000000000000280                __vector_34
                0x0000000000000280                __vector_24
                0x0000000000000280                __vector_12
                0x0000000000000280                __vector_55
                0x0000000000000280                __vector_46
                0x0000000000000280                __bad_interrupt
                0x0000000000000280                __vector_6
                0x0000000000000280                __vector_31
                0x0000000000000280                __vector_35
                0x0000000000000280                __vector_3
                0x0000000000000280                __vector_23
                0x0000000000000280                __vector_30
                0x0000000000000280                __vector_45
                0x0000000000000280                __vector_25
                0x0000000000000280                __vector_11
                0x0000000000000280                __vector_54
                0x0000000000000280                __vector_13
                0x0000000000000280                __vector_17
                0x0000000000000280                __vector_19
                0x0000000000000280                __vector_56
                0x0000000000000280                __vector_7
                0x0000000000000280                __vector_49
                0x0000000000000280                __vector_41
                0x0000000000000280                __vector_43
                0x0000000000000280                __vector_27
                0x0000000000000280                __vector_5
                0x0000000000000280                __vector_33
                0x0000000000000280                __vector_47
                0x0000000000000280                __vector_52
                0x0000000000000280                __vector_37
                0x0000000000000280                __vector_4
                0x0000000000000280                __vector_44
                0x0000000000000280                __vector_51
                0x0000000000000280                __vector_9
                0x0000000000000280                __vector_2
                0x0000000000000280                __vector_21
                0x0000000000000280                __vector_15
                0x0000000000000280                __vector_36
                0x0000000000000280                __vector_29
                0x0000000000000280                __vector_40
                0x0000000000000280                __vector_8
                0x0000000000000280                __vector_26
                0x0000000000000280                __vector_48
                0x0000000000000280                __vector_14
                0x0000000000000280                __vector_53
                0x0000000000000280                __vector_10
                0x0000000000000280                __vector_50
                0x0000000000000280                __vector_16
                0x0000000000000280                __vector_18
                0x0000000000000280                __vector_20
                0x0000000000000280                __vector_42
 .text          0x0000000000000284        0x0 addr_test.o
 .text          0x0000000000000284       0x4e comm.o
                0x0000000000000284                usart_comm_init
                0x00000000000002ac                init_pulse
 .text          0x00000000000002d2      0x144 usart.o
                0x00000000000002d2                put_char
                0x00000000000002e6                put_string
                0x00000000000002fe                put_int
                0x0000000000000328                put_long
                0x0000000000000352                put_float
                0x000000000000037a                get_char
                0x0000000000000380                get_float
                0x00000000000003de                get_int
 .text          0x0000000000000416      0x1ec MPU6050.o
                0x0000000000000416                TWI_Write
                0x0000000000000448                TWI_Read
                0x0000000000000508                TWI_WriteBit
                0x0000000000000554                imu_init
 .text          0x0000000000000602      0x2b4 twi_master.o
                0x0000000000000602                TWI_Master_Initialise
                0x0000000000000620                TWI_Transceiver_Busy
                0x000000000000064c                TWI_Get_State_Info
                0x0000000000000662                TWI_Start_Transceiver_With_Data
                0x00000000000006e2                TWI_Start_Transceiver
                0x0000000000000704                TWI_Get_Data_From_Transceiver
                0x0000000000000758                __vector_39
 .text          0x00000000000008b6        0x0 /usr/lib/gcc/avr/4.9.3/avr6/libgcc.a(_prologue.o)
 .text          0x00000000000008b6        0x0 /usr/lib/gcc/avr/4.9.3/avr6/libgcc.a(_epilogue.o)
 .text          0x00000000000008b6        0x0 /usr/lib/gcc/avr/4.9.3/avr6/libgcc.a(_exit.o)
 .text          0x00000000000008b6        0x0 /usr/lib/gcc/avr/4.9.3/avr6/libgcc.a(_copy_data.o)
 .text          0x00000000000008b6        0x0 /usr/lib/gcc/avr/4.9.3/avr6/libgcc.a(_clear_bss.o)
 .text          0x00000000000008b6        0x0 /usr/lib/gcc/avr/4.9.3/../../../../avr/lib/avr6/libc.a(dtostrf.o)
 .text          0x00000000000008b6        0x0 /usr/lib/gcc/avr/4.9.3/../../../../avr/lib/avr6/libc.a(atof.o)
 .text          0x00000000000008b6        0x0 /usr/lib/gcc/avr/4.9.3/../../../../avr/lib/avr6/libc.a(atoi.o)
 .text          0x00000000000008b6        0x0 /usr/lib/gcc/avr/4.9.3/../../../../avr/lib/avr6/libc.a(itoa.o)
 .text          0x00000000000008b6        0x0 /usr/lib/gcc/avr/4.9.3/../../../../avr/lib/avr6/libc.a(ltoa.o)
 .text          0x00000000000008b6        0x0 /usr/lib/gcc/avr/4.9.3/../../../../avr/lib/avr6/libc.a(mul10.o)
 .text          0x00000000000008b6        0x0 /usr/lib/gcc/avr/4.9.3/../../../../avr/lib/avr6/libc.a(dtoa_prf.o)
 .text          0x00000000000008b6        0x0 /usr/lib/gcc/avr/4.9.3/../../../../avr/lib/avr6/libc.a(strtod.o)
 .text          0x00000000000008b6        0x0 /usr/lib/gcc/avr/4.9.3/../../../../avr/lib/avr6/libc.a(ftoa_engine.o)
 .text          0x00000000000008b6        0x0 /usr/lib/gcc/avr/4.9.3/../../../../avr/lib/avr6/libc.a(isspace.o)
 .text          0x00000000000008b6        0x0 /usr/lib/gcc/avr/4.9.3/../../../../avr/lib/avr6/libc.a(strncasecmp_P.o)
 .text          0x00000000000008b6        0x0 /usr/lib/gcc/avr/4.9.3/../../../../avr/lib/avr6/libc.a(strrev.o)
 .text          0x00000000000008b6        0x0 /usr/lib/gcc/avr/4.9.3/../../../../avr/lib/avr6/libc.a(cmpsf2.o)
 .text          0x00000000000008b6        0x0 /usr/lib/gcc/avr/4.9.3/../../../../avr/lib/avr6/libc.a(floatsisf.o)
 .text          0x00000000000008b6        0x0 /usr/lib/gcc/avr/4.9.3/../../../../avr/lib/avr6/libc.a(fp_cmp.o)
 .text          0x00000000000008b6        0x0 /usr/lib/gcc/avr/4.9.3/../../../../avr/lib/avr6/libc.a(mulsf3.o)
 .text          0x00000000000008b6        0x0 /usr/lib/gcc/avr/4.9.3/../../../../avr/lib/avr6/libc.a(mulsf3x.o)
 .text          0x00000000000008b6        0x0 /usr/lib/gcc/avr/4.9.3/../../../../avr/lib/avr6/libc.a(errno.o)
 .text          0x00000000000008b6        0x0 /usr/lib/gcc/avr/4.9.3/../../../../avr/lib/avr6/libc.a(cty_isfalse.o)
 .text          0x00000000000008b6        0x0 /usr/lib/gcc/avr/4.9.3/../../../../avr/lib/avr6/libc.a(fp_inf.o)
 .text          0x00000000000008b6        0x0 /usr/lib/gcc/avr/4.9.3/../../../../avr/lib/avr6/libc.a(fp_nan.o)
 .text          0x00000000000008b6        0x0 /usr/lib/gcc/avr/4.9.3/../../../../avr/lib/avr6/libc.a(fp_pscA.o)
 .text          0x00000000000008b6        0x0 /usr/lib/gcc/avr/4.9.3/../../../../avr/lib/avr6/libc.a(fp_pscB.o)
 .text          0x00000000000008b6        0x0 /usr/lib/gcc/avr/4.9.3/../../../../avr/lib/avr6/libc.a(fp_round.o)
 .text          0x00000000000008b6        0x0 /usr/lib/gcc/avr/4.9.3/../../../../avr/lib/avr6/libc.a(fp_split3.o)
 .text          0x00000000000008b6        0x0 /usr/lib/gcc/avr/4.9.3/../../../../avr/lib/avr6/libc.a(fp_zero.o)
 .text          0x00000000000008b6        0x0 /usr/lib/gcc/avr/4.9.3/avr6/libgcc.a(_muluhisi3.o)
 .text          0x00000000000008b6        0x0 /usr/lib/gcc/avr/4.9.3/avr6/libgcc.a(_udivmodhi4.o)
 .text          0x00000000000008b6        0x0 /usr/lib/gcc/avr/4.9.3/avr6/libgcc.a(_udivmodsi4.o)
 .text          0x00000000000008b6        0x0 /usr/lib/gcc/avr/4.9.3/avr6/libgcc.a(_umulhisi3.o)
                0x00000000000008b6                . = ALIGN (0x2)
 *(.text.*)
 .text.startup  0x00000000000008b6       0x6c addr_test.o
                0x00000000000008b6                main
 .text.libgcc.mul
                0x0000000000000922        0x0 /usr/lib/gcc/avr/4.9.3/avr6/libgcc.a(_prologue.o)
 .text.libgcc.div
                0x0000000000000922        0x0 /usr/lib/gcc/avr/4.9.3/avr6/libgcc.a(_prologue.o)
 .text.libgcc   0x0000000000000922        0x0 /usr/lib/gcc/avr/4.9.3/avr6/libgcc.a(_prologue.o)
 .text.libgcc.prologue
                0x0000000000000922       0x38 /usr/lib/gcc/avr/4.9.3/avr6/libgcc.a(_prologue.o)
                0x0000000000000922                __prologue_saves__
 .text.libgcc.builtins
                0x000000000000095a        0x0 /usr/lib/gcc/avr/4.9.3/avr6/libgcc.a(_prologue.o)
 .text.libgcc.fmul
                0x000000000000095a        0x0 /usr/lib/gcc/avr/4.9.3/avr6/libgcc.a(_prologue.o)
 .text.libgcc.fixed
                0x000000000000095a        0x0 /usr/lib/gcc/avr/4.9.3/avr6/libgcc.a(_prologue.o)
 .text.libgcc.mul
                0x000000000000095a        0x0 /usr/lib/gcc/avr/4.9.3/avr6/libgcc.a(_epilogue.o)
 .text.libgcc.div
                0x000000000000095a        0x0 /usr/lib/gcc/avr/4.9.3/avr6/libgcc.a(_epilogue.o)
 .text.libgcc   0x000000000000095a        0x0 /usr/lib/gcc/avr/4.9.3/avr6/libgcc.a(_epilogue.o)
 .text.libgcc.prologue
                0x000000000000095a       0x36 /usr/lib/gcc/avr/4.9.3/avr6/libgcc.a(_epilogue.o)
                0x000000000000095a                __epilogue_restores__
 .text.libgcc.builtins
                0x0000000000000990        0x0 /usr/lib/gcc/avr/4.9.3/avr6/libgcc.a(_epilogue.o)
 .text.libgcc.fmul
                0x0000000000000990        0x0 /usr/lib/gcc/avr/4.9.3/avr6/libgcc.a(_epilogue.o)
 .text.libgcc.fixed
                0x0000000000000990        0x0 /usr/lib/gcc/avr/4.9.3/avr6/libgcc.a(_epilogue.o)
 .text.libgcc.mul
                0x0000000000000990        0x0 /usr/lib/gcc/avr/4.9.3/avr6/libgcc.a(_exit.o)
 .text.libgcc.div
                0x0000000000000990        0x0 /usr/lib/gcc/avr/4.9.3/avr6/libgcc.a(_exit.o)
 .text.libgcc   0x0000000000000990        0x0 /usr/lib/gcc/avr/4.9.3/avr6/libgcc.a(_exit.o)
 .text.libgcc.prologue
                0x0000000000000990        0x0 /usr/lib/gcc/avr/4.9.3/avr6/libgcc.a(_exit.o)
 .text.libgcc.builtins
                0x0000000000000990        0x0 /usr/lib/gcc/avr/4.9.3/avr6/libgcc.a(_exit.o)
 .text.libgcc.fmul
                0x0000000000000990        0x0 /usr/lib/gcc/avr/4.9.3/avr6/libgcc.a(_exit.o)
 .text.libgcc.fixed
                0x0000000000000990        0x0 /usr/lib/gcc/avr/4.9.3/avr6/libgcc.a(_exit.o)
 .text.libgcc.mul
                0x0000000000000990        0x0 /usr/lib/gcc/avr/4.9.3/avr6/libgcc.a(_copy_data.o)
 .text.libgcc.div
                0x0000000000000990        0x0 /usr/lib/gcc/avr/4.9.3/avr6/libgcc.a(_copy_data.o)
 .text.libgcc   0x0000000000000990        0x0 /usr/lib/gcc/avr/4.9.3/avr6/libgcc.a(_copy_data.o)
 .text.libgcc.prologue
                0x0000000000000990        0x0 /usr/lib/gcc/avr/4.9.3/avr6/libgcc.a(_copy_data.o)
 .text.libgcc.builtins
                0x0000000000000990        0x0 /usr/lib/gcc/avr/4.9.3/avr6/libgcc.a(_copy_data.o)
 .text.libgcc.fmul
                0x0000000000000990        0x0 /usr/lib/gcc/avr/4.9.3/avr6/libgcc.a(_copy_data.o)
 .text.libgcc.fixed
                0x0000000000000990        0x0 /usr/lib/gcc/avr/4.9.3/avr6/libgcc.a(_copy_data.o)
 .text.libgcc.mul
                0x0000000000000990        0x0 /usr/lib/gcc/avr/4.9.3/avr6/libgcc.a(_clear_bss.o)
 .text.libgcc.div
                0x0000000000000990        0x0 /usr/lib/gcc/avr/4.9.3/avr6/libgcc.a(_clear_bss.o)
 .text.libgcc   0x0000000000000990        0x0 /usr/lib/gcc/avr/4.9.3/avr6/libgcc.a(_clear_bss.o)
 .text.libgcc.prologue
                0x0000000000000990        0x0 /usr/lib/gcc/avr/4.9.3/avr6/libgcc.a(_clear_bss.o)
 .text.libgcc.builtins
                0x0000000000000990        0x0 /usr/lib/gcc/avr/4.9.3/avr6/libgcc.a(_clear_bss.o)
 .text.libgcc.fmul
                0x0000000000000990        0x0 /usr/lib/gcc/avr/4.9.3/avr6/libgcc.a(_clear_bss.o)
 .text.libgcc.fixed
                0x0000000000000990        0x0 /usr/lib/gcc/avr/4.9.3/avr6/libgcc.a(_clear_bss.o)
 .text.avr-libc
                0x0000000000000990       0x42 /usr/lib/gcc/avr/4.9.3/../../../../avr/lib/avr6/libc.a(dtostrf.o)
                0x0000000000000990                dtostrf
 .text.avr-libc
                0x00000000000009d2        0x8 /usr/lib/gcc/avr/4.9.3/../../../../avr/lib/avr6/libc.a(atof.o)
                0x00000000000009d2                atof
 .text.avr-libc
                0x00000000000009da       0x3c /usr/lib/gcc/avr/4.9.3/../../../../avr/lib/avr6/libc.a(atoi.o)
                0x00000000000009da                atoi
 .text.avr-libc
                0x0000000000000a16       0x42 /usr/lib/gcc/avr/4.9.3/../../../../avr/lib/avr6/libc.a(itoa.o)
                0x0000000000000a16                itoa
 .text.avr-libc
                0x0000000000000a58       0x68 /usr/lib/gcc/avr/4.9.3/../../../../avr/lib/avr6/libc.a(ltoa.o)
                0x0000000000000a58                ltoa
 .text.avr-libc
                0x0000000000000ac0       0x10 /usr/lib/gcc/avr/4.9.3/../../../../avr/lib/avr6/libc.a(mul10.o)
                0x0000000000000ac0                __mulhi_const_10
 .text.avr-libc
                0x0000000000000ad0      0x31c /usr/lib/gcc/avr/4.9.3/../../../../avr/lib/avr6/libc.a(dtoa_prf.o)
                0x0000000000000ad0                dtoa_prf
 .text.avr-libc
                0x0000000000000dec      0x2f2 /usr/lib/gcc/avr/4.9.3/../../../../avr/lib/avr6/libc.a(strtod.o)
                0x0000000000000dec                strtod
 .text.avr-libc
                0x00000000000010de      0x1b0 /usr/lib/gcc/avr/4.9.3/../../../../avr/lib/avr6/libc.a(ftoa_engine.o)
                0x00000000000010de                __ftoa_engine
 .text.avr-libc
                0x000000000000128e       0x10 /usr/lib/gcc/avr/4.9.3/../../../../avr/lib/avr6/libc.a(isspace.o)
                0x000000000000128e                isspace
 .text.avr-libc
                0x000000000000129e       0x30 /usr/lib/gcc/avr/4.9.3/../../../../avr/lib/avr6/libc.a(strncasecmp_P.o)
                0x000000000000129e                strncasecmp_P
 .text.avr-libc
                0x00000000000012ce       0x20 /usr/lib/gcc/avr/4.9.3/../../../../avr/lib/avr6/libc.a(strrev.o)
                0x00000000000012ce                strrev
 .text.avr-libc.fplib
                0x00000000000012ee        0x8 /usr/lib/gcc/avr/4.9.3/../../../../avr/lib/avr6/libc.a(cmpsf2.o)
                0x00000000000012ee                __lesf2
                0x00000000000012ee                __nesf2
                0x00000000000012ee                __eqsf2
                0x00000000000012ee                __cmpsf2
                0x00000000000012ee                __ltsf2
 .text.avr-libc.fplib
                0x00000000000012f6       0x7a /usr/lib/gcc/avr/4.9.3/../../../../avr/lib/avr6/libc.a(floatsisf.o)
                0x00000000000012f6                __floatunsisf
                0x00000000000012fa                __floatsisf
 .text.avr-libc.fplib
                0x0000000000001370       0x48 /usr/lib/gcc/avr/4.9.3/../../../../avr/lib/avr6/libc.a(fp_cmp.o)
                0x0000000000001370                __fp_cmp
 .text.avr-libc.fplib
                0x00000000000013b8        0x4 /usr/lib/gcc/avr/4.9.3/../../../../avr/lib/avr6/libc.a(mulsf3.o)
                0x00000000000013b8                __mulsf3
 .text.avr-libc.fplib
                0x00000000000013bc       0xc2 /usr/lib/gcc/avr/4.9.3/../../../../avr/lib/avr6/libc.a(mulsf3x.o)
                0x00000000000013d0                __mulsf3x
                0x00000000000013d4                __mulsf3_pse
 .text.avr-libc
                0x000000000000147e        0x6 /usr/lib/gcc/avr/4.9.3/../../../../avr/lib/avr6/libc.a(cty_isfalse.o)
                0x000000000000147e                __ctype_isfalse
                0x0000000000001482                __ctype_istrue
 .text.avr-libc.fplib
                0x0000000000001484        0xc /usr/lib/gcc/avr/4.9.3/../../../../avr/lib/avr6/libc.a(fp_inf.o)
                0x0000000000001484                __fp_inf
 .text.avr-libc.fplib
                0x0000000000001490        0x6 /usr/lib/gcc/avr/4.9.3/../../../../avr/lib/avr6/libc.a(fp_nan.o)
                0x0000000000001490                __fp_nan
 .text.avr-libc.fplib
                0x0000000000001496        0xe /usr/lib/gcc/avr/4.9.3/../../../../avr/lib/avr6/libc.a(fp_pscA.o)
                0x0000000000001496                __fp_pscA
 .text.avr-libc.fplib
                0x00000000000014a4        0xe /usr/lib/gcc/avr/4.9.3/../../../../avr/lib/avr6/libc.a(fp_pscB.o)
                0x00000000000014a4                __fp_pscB
 .text.avr-libc.fplib
                0x00000000000014b2       0x22 /usr/lib/gcc/avr/4.9.3/../../../../avr/lib/avr6/libc.a(fp_round.o)
                0x00000000000014b2                __fp_round
 .text.avr-libc.fplib
                0x00000000000014d4       0x44 /usr/lib/gcc/avr/4.9.3/../../../../avr/lib/avr6/libc.a(fp_split3.o)
                0x00000000000014d4                __fp_split3
                0x00000000000014e4                __fp_splitA
 .text.avr-libc.fplib
                0x0000000000001518        0xe /usr/lib/gcc/avr/4.9.3/../../../../avr/lib/avr6/libc.a(fp_zero.o)
                0x0000000000001518                __fp_zero
                0x000000000000151a                __fp_szero
 .text.libgcc.mul
                0x0000000000001526       0x16 /usr/lib/gcc/avr/4.9.3/avr6/libgcc.a(_muluhisi3.o)
                0x0000000000001526                __muluhisi3
 .text.libgcc.div
                0x000000000000153c        0x0 /usr/lib/gcc/avr/4.9.3/avr6/libgcc.a(_muluhisi3.o)
 .text.libgcc   0x000000000000153c        0x0 /usr/lib/gcc/avr/4.9.3/avr6/libgcc.a(_muluhisi3.o)
 .text.libgcc.prologue
                0x000000000000153c        0x0 /usr/lib/gcc/avr/4.9.3/avr6/libgcc.a(_muluhisi3.o)
 .text.libgcc.builtins
                0x000000000000153c        0x0 /usr/lib/gcc/avr/4.9.3/avr6/libgcc.a(_muluhisi3.o)
 .text.libgcc.fmul
                0x000000000000153c        0x0 /usr/lib/gcc/avr/4.9.3/avr6/libgcc.a(_muluhisi3.o)
 .text.libgcc.fixed
                0x000000000000153c        0x0 /usr/lib/gcc/avr/4.9.3/avr6/libgcc.a(_muluhisi3.o)
 .text.libgcc.mul
                0x000000000000153c        0x0 /usr/lib/gcc/avr/4.9.3/avr6/libgcc.a(_udivmodhi4.o)
 .text.libgcc.div
                0x000000000000153c       0x28 /usr/lib/gcc/avr/4.9.3/avr6/libgcc.a(_udivmodhi4.o)
                0x000000000000153c                __udivmodhi4
 .text.libgcc   0x0000000000001564        0x0 /usr/lib/gcc/avr/4.9.3/avr6/libgcc.a(_udivmodhi4.o)
 .text.libgcc.prologue
                0x0000000000001564        0x0 /usr/lib/gcc/avr/4.9.3/avr6/libgcc.a(_udivmodhi4.o)
 .text.libgcc.builtins
                0x0000000000001564        0x0 /usr/lib/gcc/avr/4.9.3/avr6/libgcc.a(_udivmodhi4.o)
 .text.libgcc.fmul
                0x0000000000001564        0x0 /usr/lib/gcc/avr/4.9.3/avr6/libgcc.a(_udivmodhi4.o)
 .text.libgcc.fixed
                0x0000000000001564        0x0 /usr/lib/gcc/avr/4.9.3/avr6/libgcc.a(_udivmodhi4.o)
 .text.libgcc.mul
                0x0000000000001564        0x0 /usr/lib/gcc/avr/4.9.3/avr6/libgcc.a(_udivmodsi4.o)
 .text.libgcc.div
                0x0000000000001564       0x44 /usr/lib/gcc/avr/4.9.3/avr6/libgcc.a(_udivmodsi4.o)
                0x0000000000001564                __udivmodsi4
 .text.libgcc   0x00000000000015a8        0x0 /usr/lib/gcc/avr/4.9.3/avr6/libgcc.a(_udivmodsi4.o)
 .text.libgcc.prologue
                0x00000000000015a8        0x0 /usr/lib/gcc/avr/4.9.3/avr6/libgcc.a(_udivmodsi4.o)
 .text.libgcc.builtins
                0x00000000000015a8        0x0 /usr/lib/gcc/avr/4.9.3/avr6/libgcc.a(_udivmodsi4.o)
 .text.libgcc.fmul
                0x00000000000015a8        0x0 /usr/lib/gcc/avr/4.9.3/avr6/libgcc.a(_udivmodsi4.o)
 .text.libgcc.fixed
                0x00000000000015a8        0x0 /usr/lib/gcc/avr/4.9.3/avr6/libgcc.a(_udivmodsi4.o)
 .text.libgcc.mul
                0x00000000000015a8       0x1e /usr/lib/gcc/avr/4.9.3/avr6/libgcc.a(_umulhisi3.o)
                0x00000000000015a8                __umulhisi3
 .text.libgcc.div
                0x00000000000015c6        0x0 /usr/lib/gcc/avr/4.9.3/avr6/libgcc.a(_umulhisi3.o)
 .text.libgcc   0x00000000000015c6        0x0 /usr/lib/gcc/avr/4.9.3/avr6/libgcc.a(_umulhisi3.o)
 .text.libgcc.prologue
                0x00000000000015c6        0x0 /usr/lib/gcc/avr/4.9.3/avr6/libgcc.a(_umulhisi3.o)
 .text.libgcc.builtins
                0x00000000000015c6        0x0 /usr/lib/gcc/avr/4.9.3/avr6/libgcc.a(_umulhisi3.o)
 .text.libgcc.fmul
                0x00000000000015c6        0x0 /usr/lib/gcc/avr/4.9.3/avr6/libgcc.a(_umulhisi3.o)
 .text.libgcc.fixed
                0x00000000000015c6        0x0 /usr/lib/gcc/avr/4.9.3/avr6/libgcc.a(_umulhisi3.o)
                0x00000000000015c6                . = ALIGN (0x2)
 *(.fini9)
 .fini9         0x00000000000015c6        0x0 /usr/lib/gcc/avr/4.9.3/avr6/libgcc.a(_exit.o)
                0x00000000000015c6                exit
                0x00000000000015c6                _exit
 *(.fini9)
 *(.fini8)
 *(.fini8)
 *(.fini7)
 *(.fini7)
 *(.fini6)
 *(.fini6)
 *(.fini5)
 *(.fini5)
 *(.fini4)
 *(.fini4)
 *(.fini3)
 *(.fini3)
 *(.fini2)
 *(.fini2)
 *(.fini1)
 *(.fini1)
 *(.fini0)
 .fini0         0x00000000000015c6        0x4 /usr/lib/gcc/avr/4.9.3/avr6/libgcc.a(_exit.o)
 *(.fini0)
                0x00000000000015ca                _etext = .

.data           0x0000000000800200       0x66 load address 0x00000000000015ca
                0x0000000000800200                PROVIDE (__data_start, .)
 *(.data)
 .data          0x0000000000800200        0x0 /usr/lib/gcc/avr/4.9.3/../../../../avr/lib/avr6/crtm2560.o
 .data          0x0000000000800200        0x0 addr_test.o
 .data          0x0000000000800200        0x0 comm.o
 .data          0x0000000000800200        0x0 usart.o
 .data          0x0000000000800200        0x0 MPU6050.o
 .data          0x0000000000800200        0x1 twi_master.o
 .data          0x0000000000800201        0x0 /usr/lib/gcc/avr/4.9.3/avr6/libgcc.a(_prologue.o)
 .data          0x0000000000800201        0x0 /usr/lib/gcc/avr/4.9.3/avr6/libgcc.a(_epilogue.o)
 .data          0x0000000000800201        0x0 /usr/lib/gcc/avr/4.9.3/avr6/libgcc.a(_exit.o)
 .data          0x0000000000800201        0x0 /usr/lib/gcc/avr/4.9.3/avr6/libgcc.a(_copy_data.o)
 .data          0x0000000000800201        0x0 /usr/lib/gcc/avr/4.9.3/avr6/libgcc.a(_clear_bss.o)
 .data          0x0000000000800201        0x0 /usr/lib/gcc/avr/4.9.3/../../../../avr/lib/avr6/libc.a(dtostrf.o)
 .data          0x0000000000800201        0x0 /usr/lib/gcc/avr/4.9.3/../../../../avr/lib/avr6/libc.a(atof.o)
 .data          0x0000000000800201        0x0 /usr/lib/gcc/avr/4.9.3/../../../../avr/lib/avr6/libc.a(atoi.o)
 .data          0x0000000000800201        0x0 /usr/lib/gcc/avr/4.9.3/../../../../avr/lib/avr6/libc.a(itoa.o)
 .data          0x0000000000800201        0x0 /usr/lib/gcc/avr/4.9.3/../../../../avr/lib/avr6/libc.a(ltoa.o)
 .data          0x0000000000800201        0x0 /usr/lib/gcc/avr/4.9.3/../../../../avr/lib/avr6/libc.a(mul10.o)
 .data          0x0000000000800201        0x0 /usr/lib/gcc/avr/4.9.3/../../../../avr/lib/avr6/libc.a(dtoa_prf.o)
 .data          0x0000000000800201        0x0 /usr/lib/gcc/avr/4.9.3/../../../../avr/lib/avr6/libc.a(strtod.o)
 .data          0x0000000000800201        0x0 /usr/lib/gcc/avr/4.9.3/../../../../avr/lib/avr6/libc.a(ftoa_engine.o)
 .data          0x0000000000800201        0x0 /usr/lib/gcc/avr/4.9.3/../../../../avr/lib/avr6/libc.a(isspace.o)
 .data          0x0000000000800201        0x0 /usr/lib/gcc/avr/4.9.3/../../../../avr/lib/avr6/libc.a(strncasecmp_P.o)
 .data          0x0000000000800201        0x0 /usr/lib/gcc/avr/4.9.3/../../../../avr/lib/avr6/libc.a(strrev.o)
 .data          0x0000000000800201        0x0 /usr/lib/gcc/avr/4.9.3/../../../../avr/lib/avr6/libc.a(cmpsf2.o)
 .data          0x0000000000800201        0x0 /usr/lib/gcc/avr/4.9.3/../../../../avr/lib/avr6/libc.a(floatsisf.o)
 .data          0x0000000000800201        0x0 /usr/lib/gcc/avr/4.9.3/../../../../avr/lib/avr6/libc.a(fp_cmp.o)
 .data          0x0000000000800201        0x0 /usr/lib/gcc/avr/4.9.3/../../../../avr/lib/avr6/libc.a(mulsf3.o)
 .data          0x0000000000800201        0x0 /usr/lib/gcc/avr/4.9.3/../../../../avr/lib/avr6/libc.a(mulsf3x.o)
 .data          0x0000000000800201        0x0 /usr/lib/gcc/avr/4.9.3/../../../../avr/lib/avr6/libc.a(errno.o)
 .data          0x0000000000800201        0x0 /usr/lib/gcc/avr/4.9.3/../../../../avr/lib/avr6/libc.a(cty_isfalse.o)
 .data          0x0000000000800201        0x0 /usr/lib/gcc/avr/4.9.3/../../../../avr/lib/avr6/libc.a(fp_inf.o)
 .data          0x0000000000800201        0x0 /usr/lib/gcc/avr/4.9.3/../../../../avr/lib/avr6/libc.a(fp_nan.o)
 .data          0x0000000000800201        0x0 /usr/lib/gcc/avr/4.9.3/../../../../avr/lib/avr6/libc.a(fp_pscA.o)
 .data          0x0000000000800201        0x0 /usr/lib/gcc/avr/4.9.3/../../../../avr/lib/avr6/libc.a(fp_pscB.o)
 .data          0x0000000000800201        0x0 /usr/lib/gcc/avr/4.9.3/../../../../avr/lib/avr6/libc.a(fp_round.o)
 .data          0x0000000000800201        0x0 /usr/lib/gcc/avr/4.9.3/../../../../avr/lib/avr6/libc.a(fp_split3.o)
 .data          0x0000000000800201        0x0 /usr/lib/gcc/avr/4.9.3/../../../../avr/lib/avr6/libc.a(fp_zero.o)
 .data          0x0000000000800201        0x0 /usr/lib/gcc/avr/4.9.3/avr6/libgcc.a(_muluhisi3.o)
 .data          0x0000000000800201        0x0 /usr/lib/gcc/avr/4.9.3/avr6/libgcc.a(_udivmodhi4.o)
 .data          0x0000000000800201        0x0 /usr/lib/gcc/avr/4.9.3/avr6/libgcc.a(_udivmodsi4.o)
 .data          0x0000000000800201        0x0 /usr/lib/gcc/avr/4.9.3/avr6/libgcc.a(_umulhisi3.o)
 *(.data*)
 *(.rodata)
 *(.rodata*)
 .rodata.str1.1
                0x0000000000800201        0x2 usart.o
 .rodata.str1.1
                0x0000000000800203        0xd MPU6050.o
 .rodata.str1.1
                0x0000000000800210       0x56 twi_master.o
 *(.gnu.linkonce.d*)
                0x0000000000800266                . = ALIGN (0x2)
                0x0000000000800266                _edata = .
                0x0000000000800266                PROVIDE (__data_end, .)

.bss            0x0000000000800266        0xf
                0x0000000000800266                PROVIDE (__bss_start, .)
 *(.bss)
 .bss           0x0000000000800266        0x0 /usr/lib/gcc/avr/4.9.3/../../../../avr/lib/avr6/crtm2560.o
 .bss           0x0000000000800266        0x0 addr_test.o
 .bss           0x0000000000800266        0x0 comm.o
 .bss           0x0000000000800266        0x0 usart.o
 .bss           0x0000000000800266        0x0 MPU6050.o
 .bss           0x0000000000800266        0xd twi_master.o
                0x0000000000800266                TWI_statusReg
 .bss           0x0000000000800273        0x0 /usr/lib/gcc/avr/4.9.3/avr6/libgcc.a(_prologue.o)
 .bss           0x0000000000800273        0x0 /usr/lib/gcc/avr/4.9.3/avr6/libgcc.a(_epilogue.o)
 .bss           0x0000000000800273        0x0 /usr/lib/gcc/avr/4.9.3/avr6/libgcc.a(_exit.o)
 .bss           0x0000000000800273        0x0 /usr/lib/gcc/avr/4.9.3/avr6/libgcc.a(_copy_data.o)
 .bss           0x0000000000800273        0x0 /usr/lib/gcc/avr/4.9.3/avr6/libgcc.a(_clear_bss.o)
 .bss           0x0000000000800273        0x0 /usr/lib/gcc/avr/4.9.3/../../../../avr/lib/avr6/libc.a(dtostrf.o)
 .bss           0x0000000000800273        0x0 /usr/lib/gcc/avr/4.9.3/../../../../avr/lib/avr6/libc.a(atof.o)
 .bss           0x0000000000800273        0x0 /usr/lib/gcc/avr/4.9.3/../../../../avr/lib/avr6/libc.a(atoi.o)
 .bss           0x0000000000800273        0x0 /usr/lib/gcc/avr/4.9.3/../../../../avr/lib/avr6/libc.a(itoa.o)
 .bss           0x0000000000800273        0x0 /usr/lib/gcc/avr/4.9.3/../../../../avr/lib/avr6/libc.a(ltoa.o)
 .bss           0x0000000000800273        0x0 /usr/lib/gcc/avr/4.9.3/../../../../avr/lib/avr6/libc.a(mul10.o)
 .bss           0x0000000000800273        0x0 /usr/lib/gcc/avr/4.9.3/../../../../avr/lib/avr6/libc.a(dtoa_prf.o)
 .bss           0x0000000000800273        0x0 /usr/lib/gcc/avr/4.9.3/../../../../avr/lib/avr6/libc.a(strtod.o)
 .bss           0x0000000000800273        0x0 /usr/lib/gcc/avr/4.9.3/../../../../avr/lib/avr6/libc.a(ftoa_engine.o)
 .bss           0x0000000000800273        0x0 /usr/lib/gcc/avr/4.9.3/../../../../avr/lib/avr6/libc.a(isspace.o)
 .bss           0x0000000000800273        0x0 /usr/lib/gcc/avr/4.9.3/../../../../avr/lib/avr6/libc.a(strncasecmp_P.o)
 .bss           0x0000000000800273        0x0 /usr/lib/gcc/avr/4.9.3/../../../../avr/lib/avr6/libc.a(strrev.o)
 .bss           0x0000000000800273        0x0 /usr/lib/gcc/avr/4.9.3/../../../../avr/lib/avr6/libc.a(cmpsf2.o)
 .bss           0x0000000000800273        0x0 /usr/lib/gcc/avr/4.9.3/../../../../avr/lib/avr6/libc.a(floatsisf.o)
 .bss           0x0000000000800273        0x0 /usr/lib/gcc/avr/4.9.3/../../../../avr/lib/avr6/libc.a(fp_cmp.o)
 .bss           0x0000000000800273        0x0 /usr/lib/gcc/avr/4.9.3/../../../../avr/lib/avr6/libc.a(mulsf3.o)
 .bss           0x0000000000800273        0x0 /usr/lib/gcc/avr/4.9.3/../../../../avr/lib/avr6/libc.a(mulsf3x.o)
 .bss           0x0000000000800273        0x0 /usr/lib/gcc/avr/4.9.3/../../../../avr/lib/avr6/libc.a(errno.o)
 .bss           0x0000000000800273        0x0 /usr/lib/gcc/avr/4.9.3/../../../../avr/lib/avr6/libc.a(cty_isfalse.o)
 .bss           0x0000000000800273        0x0 /usr/lib/gcc/avr/4.9.3/../../../../avr/lib/avr6/libc.a(fp_inf.o)
 .bss           0x0000000000800273        0x0 /usr/lib/gcc/avr/4.9.3/../../../../avr/lib/avr6/libc.a(fp_nan.o)
 .bss           0x0000000000800273        0x0 /usr/lib/gcc/avr/4.9.3/../../../../avr/lib/avr6/libc.a(fp_pscA.o)
 .bss           0x0000000000800273        0x0 /usr/lib/gcc/avr/4.9.3/../../../../avr/lib/avr6/libc.a(fp_pscB.o)
 .bss           0x0000000000800273        0x0 /usr/lib/gcc/avr/4.9.3/../../../../avr/lib/avr6/libc.a(fp_round.o)
 .bss           0x0000000000800273        0x0 /usr/lib/gcc/avr/4.9.3/../../../../avr/lib/avr6/libc.a(fp_split3.o)
 .bss           0x0000000000800273        0x0 /usr/lib/gcc/avr/4.9.3/../../../../avr/lib/avr6/libc.a(fp_zero.o)
 .bss           0x0000000000800273        0x0 /usr/lib/gcc/avr/4.9.3/avr6/libgcc.a(_muluhisi3.o)
 .bss           0x0000000000800273        0x0 /usr/lib/gcc/avr/4.9.3/avr6/libgcc.a(_udivmodhi4.o)
 .bss           0x0000000000800273        0x0 /usr/lib/gcc/avr/4.9.3/avr6/libgcc.a(_udivmodsi4.o)
 .bss           0x0000000000800273        0x0 /usr/lib/gcc/avr/4.9.3/avr6/libgcc.a(_umulhisi3.o)
 *(.bss*)
 *(COMMON)
 COMMON         0x0000000000800273        0x2 /usr/lib/gcc/avr/4.9.3/../../../../avr/lib/avr6/libc.a(errno.o)
                0x0000000000800273                errno
                0x0000000000800275                PROVIDE (__bss_end, .)
                0x00000000000015ca                __data_load_start = LOADADDR (.data)
                0x0000000000001630                __data_load_end = (__data_load_start + SIZEOF (.data))

.noinit         0x0000000000800275        0x0
                0x0000000000800275                PROVIDE (__noinit_start, .)
 *(.noinit*)
                0x0000000000800275                PROVIDE (__noinit_end, .)
                0x0000000000800275                _end = .
                0x0000000000800275                PROVIDE (__heap_start, .)

.eeprom         0x0000000000810000        0x0
 *(.eeprom*)
                0x0000000000810000                __eeprom_end = .

.fuse
 *(.fuse)
 *(.lfuse)
 *(.hfuse)
 *(.efuse)

.lock
 *(.lock*)

.signature
 *(.signature*)

.stab           0x0000000000000000     0x4da0
 *(.stab)
 .stab          0x0000000000000000      0x6e4 /usr/lib/gcc/avr/4.9.3/../../../../avr/lib/avr6/crtm2560.o
 .stab          0x00000000000006e4      0x1a4 /usr/lib/gcc/avr/4.9.3/avr6/libgcc.a(_prologue.o)
                                        0x1b0 (size before relaxing)
 .stab          0x0000000000000888      0x1a4 /usr/lib/gcc/avr/4.9.3/avr6/libgcc.a(_epilogue.o)
                                        0x1b0 (size before relaxing)
 .stab          0x0000000000000a2c       0x6c /usr/lib/gcc/avr/4.9.3/avr6/libgcc.a(_exit.o)
                                         0x78 (size before relaxing)
 .stab          0x0000000000000a98       0xf0 /usr/lib/gcc/avr/4.9.3/avr6/libgcc.a(_copy_data.o)
                                         0xfc (size before relaxing)
 .stab          0x0000000000000b88       0xb4 /usr/lib/gcc/avr/4.9.3/avr6/libgcc.a(_clear_bss.o)
                                         0xc0 (size before relaxing)
 .stab          0x0000000000000c3c      0x588 /usr/lib/gcc/avr/4.9.3/../../../../avr/lib/avr6/libc.a(dtostrf.o)
                                        0x594 (size before relaxing)
 .stab          0x00000000000011c4       0x3c /usr/lib/gcc/avr/4.9.3/../../../../avr/lib/avr6/libc.a(atof.o)
                                         0x48 (size before relaxing)
 .stab          0x0000000000001200      0x174 /usr/lib/gcc/avr/4.9.3/../../../../avr/lib/avr6/libc.a(atoi.o)
                                        0x180 (size before relaxing)
 .stab          0x0000000000001374      0x1b0 /usr/lib/gcc/avr/4.9.3/../../../../avr/lib/avr6/libc.a(itoa.o)
                                        0x1bc (size before relaxing)
 .stab          0x0000000000001524      0x294 /usr/lib/gcc/avr/4.9.3/../../../../avr/lib/avr6/libc.a(ltoa.o)
                                        0x2a0 (size before relaxing)
 .stab          0x00000000000017b8       0x78 /usr/lib/gcc/avr/4.9.3/../../../../avr/lib/avr6/libc.a(mul10.o)
                                         0x84 (size before relaxing)
 .stab          0x0000000000001830      0x8f4 /usr/lib/gcc/avr/4.9.3/../../../../avr/lib/avr6/libc.a(dtoa_prf.o)
                                        0xac8 (size before relaxing)
 .stab          0x0000000000002124      0x798 /usr/lib/gcc/avr/4.9.3/../../../../avr/lib/avr6/libc.a(strtod.o)
                                        0x96c (size before relaxing)
 .stab          0x00000000000028bc      0xa38 /usr/lib/gcc/avr/4.9.3/../../../../avr/lib/avr6/libc.a(ftoa_engine.o)
                                        0xa44 (size before relaxing)
 .stab          0x00000000000032f4       0x9c /usr/lib/gcc/avr/4.9.3/../../../../avr/lib/avr6/libc.a(isspace.o)
                                         0xa8 (size before relaxing)
 .stab          0x0000000000003390      0x138 /usr/lib/gcc/avr/4.9.3/../../../../avr/lib/avr6/libc.a(strncasecmp_P.o)
                                        0x144 (size before relaxing)
 .stab          0x00000000000034c8       0xd8 /usr/lib/gcc/avr/4.9.3/../../../../avr/lib/avr6/libc.a(strrev.o)
                                         0xe4 (size before relaxing)
 .stab          0x00000000000035a0       0x90 /usr/lib/gcc/avr/4.9.3/../../../../avr/lib/avr6/libc.a(cmpsf2.o)
                                         0x9c (size before relaxing)
 .stab          0x0000000000003630      0x318 /usr/lib/gcc/avr/4.9.3/../../../../avr/lib/avr6/libc.a(floatsisf.o)
                                        0x324 (size before relaxing)
 .stab          0x0000000000003948      0x1e0 /usr/lib/gcc/avr/4.9.3/../../../../avr/lib/avr6/libc.a(fp_cmp.o)
                                        0x1ec (size before relaxing)
 .stab          0x0000000000003b28       0x48 /usr/lib/gcc/avr/4.9.3/../../../../avr/lib/avr6/libc.a(mulsf3.o)
                                         0x54 (size before relaxing)
 .stab          0x0000000000003b70      0x4d4 /usr/lib/gcc/avr/4.9.3/../../../../avr/lib/avr6/libc.a(mulsf3x.o)
                                        0x4e0 (size before relaxing)
 .stab          0x0000000000004044      0x270 /usr/lib/gcc/avr/4.9.3/../../../../avr/lib/avr6/libc.a(errno.o)
                                        0x27c (size before relaxing)
 .stab          0x00000000000042b4       0x60 /usr/lib/gcc/avr/4.9.3/../../../../avr/lib/avr6/libc.a(cty_isfalse.o)
                                         0x6c (size before relaxing)
 .stab          0x0000000000004314       0x78 /usr/lib/gcc/avr/4.9.3/../../../../avr/lib/avr6/libc.a(fp_inf.o)
                                         0x84 (size before relaxing)
 .stab          0x000000000000438c       0x54 /usr/lib/gcc/avr/4.9.3/../../../../avr/lib/avr6/libc.a(fp_nan.o)
                                         0x60 (size before relaxing)
 .stab          0x00000000000043e0       0x84 /usr/lib/gcc/avr/4.9.3/../../../../avr/lib/avr6/libc.a(fp_pscA.o)
                                         0x90 (size before relaxing)
 .stab          0x0000000000004464       0x84 /usr/lib/gcc/avr/4.9.3/../../../../avr/lib/avr6/libc.a(fp_pscB.o)
                                         0x90 (size before relaxing)
 .stab          0x00000000000044e8       0xfc /usr/lib/gcc/avr/4.9.3/../../../../avr/lib/avr6/libc.a(fp_round.o)
                                        0x108 (size before relaxing)
 .stab          0x00000000000045e4      0x1d4 /usr/lib/gcc/avr/4.9.3/../../../../avr/lib/avr6/libc.a(fp_split3.o)
                                        0x1e0 (size before relaxing)
 .stab          0x00000000000047b8       0x90 /usr/lib/gcc/avr/4.9.3/../../../../avr/lib/avr6/libc.a(fp_zero.o)
                                         0x9c (size before relaxing)
 .stab          0x0000000000004848       0xcc /usr/lib/gcc/avr/4.9.3/avr6/libgcc.a(_muluhisi3.o)
                                         0xd8 (size before relaxing)
 .stab          0x0000000000004914      0x15c /usr/lib/gcc/avr/4.9.3/avr6/libgcc.a(_udivmodhi4.o)
                                        0x168 (size before relaxing)
 .stab          0x0000000000004a70      0x228 /usr/lib/gcc/avr/4.9.3/avr6/libgcc.a(_udivmodsi4.o)
                                        0x234 (size before relaxing)
 .stab          0x0000000000004c98      0x108 /usr/lib/gcc/avr/4.9.3/avr6/libgcc.a(_umulhisi3.o)
                                        0x114 (size before relaxing)

.stabstr        0x0000000000000000     0x1597
 *(.stabstr)
 .stabstr       0x0000000000000000     0x1597 /usr/lib/gcc/avr/4.9.3/../../../../avr/lib/avr6/crtm2560.o

.stab.excl
 *(.stab.excl)

.stab.exclstr
 *(.stab.exclstr)

.stab.index
 *(.stab.index)

.stab.indexstr
 *(.stab.indexstr)

.comment        0x0000000000000000       0x42
 *(.comment)
 .comment       0x0000000000000000       0x21 addr_test.o
                                         0x22 (size before relaxing)
 .comment       0x0000000000000021       0x22 comm.o
 .comment       0x0000000000000021       0x22 usart.o
 .comment       0x0000000000000021       0x22 MPU6050.o
 .comment       0x0000000000000021       0x22 twi_master.o
 .comment       0x0000000000000021       0x21 /usr/lib/gcc/avr/4.9.3/../../../../avr/lib/avr6/libc.a(dtostrf.o)
                                         0x22 (size before relaxing)
 .comment       0x0000000000000042       0x22 /usr/lib/gcc/avr/4.9.3/../../../../avr/lib/avr6/libc.a(dtoa_prf.o)
 .comment       0x0000000000000042       0x22 /usr/lib/gcc/avr/4.9.3/../../../../avr/lib/avr6/libc.a(strtod.o)
 .comment       0x0000000000000042       0x22 /usr/lib/gcc/avr/4.9.3/../../../../avr/lib/avr6/libc.a(errno.o)

.note.gnu.build-id
 *(.note.gnu.build-id)

.debug
 *(.debug)

.line
 *(.line)

.debug_srcinfo
 *(.debug_srcinfo)

.debug_sfnames
 *(.debug_sfnames)

.debug_aranges  0x0000000000000000       0xa0
 *(.debug_aranges)
 .debug_aranges
                0x0000000000000000       0x20 addr_test.o
 .debug_aranges
                0x0000000000000020       0x20 comm.o
 .debug_aranges
                0x0000000000000040       0x20 usart.o
 .debug_aranges
                0x0000000000000060       0x20 MPU6050.o
 .debug_aranges
                0x0000000000000080       0x20 twi_master.o

.debug_pubnames
 *(.debug_pubnames)

.debug_info     0x0000000000000000     0x122e
 *(.debug_info .gnu.linkonce.wi.*)
 .debug_info    0x0000000000000000      0x20a addr_test.o
 .debug_info    0x000000000000020a       0xa0 comm.o
 .debug_info    0x00000000000002aa      0x4bc usart.o
 .debug_info    0x0000000000000766      0x6c4 MPU6050.o
 .debug_info    0x0000000000000e2a      0x404 twi_master.o

.debug_abbrev   0x0000000000000000      0x779
 *(.debug_abbrev)
 .debug_abbrev  0x0000000000000000      0x163 addr_test.o
 .debug_abbrev  0x0000000000000163       0x4f comm.o
 .debug_abbrev  0x00000000000001b2      0x1b4 usart.o
 .debug_abbrev  0x0000000000000366      0x224 MPU6050.o
 .debug_abbrev  0x000000000000058a      0x1ef twi_master.o

.debug_line     0x0000000000000000      0x3c5
 *(.debug_line .debug_line.* .debug_line_end)
 .debug_line    0x0000000000000000       0xc2 addr_test.o
 .debug_line    0x00000000000000c2       0x5e comm.o
 .debug_line    0x0000000000000120       0x90 usart.o
 .debug_line    0x00000000000001b0      0x11a MPU6050.o
 .debug_line    0x00000000000002ca       0xfb twi_master.o

.debug_frame    0x0000000000000000      0x2b4
 *(.debug_frame)
 .debug_frame   0x0000000000000000       0x2c addr_test.o
 .debug_frame   0x000000000000002c       0x34 comm.o
 .debug_frame   0x0000000000000060       0xec usart.o
 .debug_frame   0x000000000000014c       0x80 MPU6050.o
 .debug_frame   0x00000000000001cc       0xe8 twi_master.o

.debug_str      0x0000000000000000      0x38b
 *(.debug_str)
 .debug_str     0x0000000000000000      0x1be addr_test.o
                                        0x1f9 (size before relaxing)
 .debug_str     0x00000000000001be       0x12 comm.o
                                        0x16a (size before relaxing)
 .debug_str     0x00000000000001d0       0x78 usart.o
                                        0x1d9 (size before relaxing)
 .debug_str     0x0000000000000248       0xca MPU6050.o
                                        0x29d (size before relaxing)
 .debug_str     0x0000000000000312       0x79 twi_master.o
                                        0x277 (size before relaxing)

.debug_loc      0x0000000000000000      0x71a
 *(.debug_loc)
 .debug_loc     0x0000000000000000       0x21 addr_test.o
 .debug_loc     0x0000000000000021      0x2a1 usart.o
 .debug_loc     0x00000000000002c2      0x200 MPU6050.o
 .debug_loc     0x00000000000004c2      0x258 twi_master.o

.debug_macinfo
 *(.debug_macinfo)

.debug_weaknames
 *(.debug_weaknames)

.debug_funcnames
 *(.debug_funcnames)

.debug_typenames
 *(.debug_typenames)

.debug_varnames
 *(.debug_varnames)

.debug_pubtypes
 *(.debug_pubtypes)

.debug_ranges   0x0000000000000000       0x10
 *(.debug_ranges)
 .debug_ranges  0x0000000000000000       0x10 addr_test.o

.debug_macro
 *(.debug_macro)
OUTPUT(addr_test.elf elf32-avr)
LOAD linker stubs
